Component: ARM Compiler 6.15 Tool: armlink [5dd79300]

==============================================================================

Section Cross References

    main.o(.text.main) refers to dflti.o(.text) for __aeabi_ui2d
    main.o(.text.main) refers to pow.o(i.pow) for pow
    main.o(.text.main) refers to dmul.o(.text) for __aeabi_dmul
    main.o(.text.main) refers to daddsub.o(.text) for __aeabi_dadd
    main.o(.text.main) refers to dfixui.o(.text) for __aeabi_d2uiz
    main.o(.text.main) refers to aeabi_sdiv.o(.text) for __aeabi_uidivmod
    main.o(.text.main) refers to main.o(.text.output) for output
    main.o(.text.main) refers to main.o(.text.delay) for delay
    main.o(.ARM.exidx.text.main) refers to main.o(.text.main) for [Anonymous Symbol]
    main.o(.ARM.exidx.text.output) refers to main.o(.text.output) for [Anonymous Symbol]
    main.o(.ARM.exidx.text.delay) refers to main.o(.text.delay) for [Anonymous Symbol]
    startup_stm32f072xb.o(STACK) refers (Special) to heapauxi.o(.text) for __use_two_region_memory
    startup_stm32f072xb.o(HEAP) refers (Special) to heapauxi.o(.text) for __use_two_region_memory
    startup_stm32f072xb.o(RESET) refers (Special) to heapauxi.o(.text) for __use_two_region_memory
    startup_stm32f072xb.o(RESET) refers to startup_stm32f072xb.o(STACK) for __initial_sp
    startup_stm32f072xb.o(RESET) refers to startup_stm32f072xb.o(.text) for Reset_Handler
    startup_stm32f072xb.o(.text) refers (Special) to heapauxi.o(.text) for __use_two_region_memory
    startup_stm32f072xb.o(.text) refers to system_stm32f0xx.o(.text.SystemInit) for SystemInit
    startup_stm32f072xb.o(.text) refers to __main.o(!!!main) for __main
    startup_stm32f072xb.o(.text) refers to startup_stm32f072xb.o(HEAP) for Heap_Mem
    startup_stm32f072xb.o(.text) refers to startup_stm32f072xb.o(STACK) for Stack_Mem
    system_stm32f0xx.o(.ARM.exidx.text.SystemInit) refers to system_stm32f0xx.o(.text.SystemInit) for [Anonymous Symbol]
    system_stm32f0xx.o(.text.SystemCoreClockUpdate) refers to aeabi_sdiv.o(.text) for __aeabi_uidiv
    system_stm32f0xx.o(.text.SystemCoreClockUpdate) refers to system_stm32f0xx.o(.data.SystemCoreClock) for SystemCoreClock
    system_stm32f0xx.o(.text.SystemCoreClockUpdate) refers to system_stm32f0xx.o(.rodata.AHBPrescTable) for AHBPrescTable
    system_stm32f0xx.o(.ARM.exidx.text.SystemCoreClockUpdate) refers to system_stm32f0xx.o(.text.SystemCoreClockUpdate) for [Anonymous Symbol]
    __main.o(!!!main) refers to __rtentry.o(.ARM.Collect$$rtentry$$00000000) for __rt_entry
    daddsub.o(.text) refers (Special) to usenofp.o(x$fpl$usenofp) for __I$use$fp
    dfixui.o(.text) refers (Special) to usenofp.o(x$fpl$usenofp) for __I$use$fp
    dflti.o(.text) refers (Special) to usenofp.o(x$fpl$usenofp) for __I$use$fp
    dmul.o(.text) refers (Special) to usenofp.o(x$fpl$usenofp) for __I$use$fp
    pow.o(i.__softfp_pow) refers (Special) to usenofp.o(x$fpl$usenofp) for __I$use$fp
    pow.o(i.__softfp_pow) refers to pow.o(i.pow) for pow
    pow.o(i.pow) refers (Special) to usenofp.o(x$fpl$usenofp) for __I$use$fp
    pow.o(i.pow) refers to dunder.o(i.__mathlib_dbl_infnan2) for __mathlib_dbl_infnan2
    pow.o(i.pow) refers to _rserrno.o(.text) for __set_errno
    pow.o(i.pow) refers to dunder.o(i.__mathlib_dbl_divzero) for __mathlib_dbl_divzero
    pow.o(i.pow) refers to ddiv.o(.text) for __aeabi_ddiv
    pow.o(i.pow) refers to sqrt.o(i.sqrt) for sqrt
    pow.o(i.pow) refers to dflti.o(.text) for __aeabi_i2d
    pow.o(i.pow) refers to dunder.o(i.__mathlib_dbl_invalid) for __mathlib_dbl_invalid
    pow.o(i.pow) refers to dunder.o(i.__mathlib_dbl_overflow) for __mathlib_dbl_overflow
    pow.o(i.pow) refers to dmul.o(.text) for __aeabi_dmul
    pow.o(i.pow) refers to dunder.o(i.__mathlib_dbl_underflow) for __mathlib_dbl_underflow
    pow.o(i.pow) refers to daddsub.o(.text) for __aeabi_dsub
    pow.o(i.pow) refers to dscalbn.o(.text) for __ARM_scalbn
    pow.o(i.pow) refers to qnan.o(.constdata) for __mathlib_zero
    pow.o(i.pow) refers to poly.o(i.__kernel_poly) for __kernel_poly
    pow.o(i.pow) refers to drlef.o(x$fpl$drleqf) for __aeabi_cdrcmple
    pow.o(i.pow) refers to pow.o(.constdata) for .constdata
    pow.o(i.pow) refers to fpclassify.o(i.__ARM_fpclassify) for __ARM_fpclassify
    pow.o(.constdata) refers (Special) to usenofp.o(x$fpl$usenofp) for __I$use$fp
    __rtentry.o(.ARM.Collect$$rtentry$$00000000) refers (Special) to __rtentry2.o(.ARM.Collect$$rtentry$$0000000A) for __rt_entry_li
    __rtentry.o(.ARM.Collect$$rtentry$$00000000) refers (Special) to __rtentry2.o(.ARM.Collect$$rtentry$$0000000D) for __rt_entry_main
    __rtentry.o(.ARM.Collect$$rtentry$$00000000) refers (Special) to __rtentry2.o(.ARM.Collect$$rtentry$$0000000C) for __rt_entry_postli_1
    __rtentry.o(.ARM.Collect$$rtentry$$00000000) refers (Special) to __rtentry2.o(.ARM.Collect$$rtentry$$00000009) for __rt_entry_postsh_1
    __rtentry.o(.ARM.Collect$$rtentry$$00000000) refers (Special) to __rtentry2.o(.ARM.Collect$$rtentry$$00000002) for __rt_entry_presh_1
    __rtentry.o(.ARM.Collect$$rtentry$$00000000) refers (Special) to __rtentry4.o(.ARM.Collect$$rtentry$$00000004) for __rt_entry_sh
    aeabi_idiv0_sigfpe.o(.text) refers to rt_div0.o(.text) for __rt_div0
    _rserrno.o(.text) refers to rt_errno_addr_intlibspace.o(.text) for __aeabi_errno_addr
    ddiv.o(.text) refers (Special) to usenofp.o(x$fpl$usenofp) for __I$use$fp
    ddiv.o(.text) refers to ddiv.o(.constdata) for .constdata
    ddiv.o(.constdata) refers (Special) to usenofp.o(x$fpl$usenofp) for __I$use$fp
    drlef.o(x$fpl$drleqf) refers (Special) to usenofp.o(x$fpl$usenofp) for __I$use$fp
    drlef.o(x$fpl$drleqf) refers to dcmpin.o(.text) for __fpl_dcmp_InfNaN
    dscalbn.o(.text) refers (Special) to usenofp.o(x$fpl$usenofp) for __I$use$fp
    dunder.o(i.__mathlib_dbl_divzero) refers to ddiv.o(.text) for __aeabi_ddiv
    dunder.o(i.__mathlib_dbl_infnan) refers to dscalbn.o(.text) for __ARM_scalbn
    dunder.o(i.__mathlib_dbl_infnan2) refers to daddsub.o(.text) for __aeabi_dadd
    dunder.o(i.__mathlib_dbl_invalid) refers to ddiv.o(.text) for __aeabi_ddiv
    dunder.o(i.__mathlib_dbl_overflow) refers to dscalbn.o(.text) for __ARM_scalbn
    dunder.o(i.__mathlib_dbl_posinfnan) refers to dmul.o(.text) for __aeabi_dmul
    dunder.o(i.__mathlib_dbl_underflow) refers to dscalbn.o(.text) for __ARM_scalbn
    fpclassify.o(i.__ARM_fpclassify) refers (Special) to usenofp.o(x$fpl$usenofp) for __I$use$fp
    poly.o(i.__kernel_poly) refers (Special) to usenofp.o(x$fpl$usenofp) for __I$use$fp
    poly.o(i.__kernel_poly) refers to dmul.o(.text) for __aeabi_dmul
    poly.o(i.__kernel_poly) refers to daddsub.o(.text) for __aeabi_dadd
    qnan.o(.constdata) refers (Special) to usenofp.o(x$fpl$usenofp) for __I$use$fp
    sqrt.o(i.__softfp_sqrt) refers (Special) to usenofp.o(x$fpl$usenofp) for __I$use$fp
    sqrt.o(i.__softfp_sqrt) refers to dsqrt.o(.text) for _dsqrt
    sqrt.o(i.__softfp_sqrt) refers to _rserrno.o(.text) for __set_errno
    sqrt.o(i.sqrt) refers (Special) to usenofp.o(x$fpl$usenofp) for __I$use$fp
    sqrt.o(i.sqrt) refers to dsqrt.o(.text) for _dsqrt
    sqrt.o(i.sqrt) refers to _rserrno.o(.text) for __set_errno
    __rtentry2.o(.ARM.Collect$$rtentry$$00000008) refers to boardinit2.o(.text) for _platform_post_stackheap_init
    __rtentry2.o(.ARM.Collect$$rtentry$$0000000A) refers to libinit.o(.ARM.Collect$$libinit$$00000000) for __rt_lib_init
    __rtentry2.o(.ARM.Collect$$rtentry$$0000000B) refers to boardinit3.o(.text) for _platform_post_lib_init
    __rtentry2.o(.ARM.Collect$$rtentry$$0000000D) refers to main.o(.text.main) for main
    __rtentry2.o(.ARM.Collect$$rtentry$$0000000D) refers to exit.o(.text) for exit
    __rtentry2.o(.ARM.exidx) refers to __rtentry2.o(.ARM.Collect$$rtentry$$00000001) for .ARM.Collect$$rtentry$$00000001
    __rtentry2.o(.ARM.exidx) refers to __rtentry2.o(.ARM.Collect$$rtentry$$00000008) for .ARM.Collect$$rtentry$$00000008
    __rtentry2.o(.ARM.exidx) refers to __rtentry2.o(.ARM.Collect$$rtentry$$0000000A) for .ARM.Collect$$rtentry$$0000000A
    __rtentry2.o(.ARM.exidx) refers to __rtentry2.o(.ARM.Collect$$rtentry$$0000000B) for .ARM.Collect$$rtentry$$0000000B
    __rtentry2.o(.ARM.exidx) refers to __rtentry2.o(.ARM.Collect$$rtentry$$0000000D) for .ARM.Collect$$rtentry$$0000000D
    __rtentry4.o(.ARM.Collect$$rtentry$$00000004) refers to sys_stackheap_outer.o(.text) for __user_setup_stackheap
    __rtentry4.o(.ARM.exidx) refers to __rtentry4.o(.ARM.Collect$$rtentry$$00000004) for .ARM.Collect$$rtentry$$00000004
    rt_div0.o(.text) refers to defsig_fpe_outer.o(.text) for __rt_SIGFPE
    rt_errno_addr.o(.text) refers to rt_errno_addr.o(.bss) for __aeabi_errno_addr_data
    rt_errno_addr_intlibspace.o(.text) refers to libspace.o(.bss) for __libspace_start
    dcmpin.o(.text) refers (Special) to usenofp.o(x$fpl$usenofp) for __I$use$fp
    dcmpin.o(.text) refers to cmpret.o(.text) for __fpl_cmpreturn
    dcmpin.o(.text) refers to dnan2.o(.text) for __fpl_dcheck_NaN2
    dsqrt.o(.text) refers (Special) to usenofp.o(x$fpl$usenofp) for __I$use$fp
    libspace.o(.text) refers to libspace.o(.bss) for __libspace_start
    sys_stackheap_outer.o(.text) refers to libspace.o(.text) for __user_perproc_libspace
    sys_stackheap_outer.o(.text) refers to startup_stm32f072xb.o(.text) for __user_initial_stackheap
    sys_stackheap_outer.o(__vectab_stack_and_reset_area) refers to tempstk.o(.text) for __temporary_stack_top
    sys_stackheap_outer.o(__vectab_stack_and_reset_area) refers to __main.o(!!!main) for __main
    exit.o(.text) refers to rtexit.o(.ARM.Collect$$rtexit$$00000000) for __rt_exit
    defsig_fpe_outer.o(.text) refers to defsig_fpe_inner.o(.text) for __rt_SIGFPE_inner
    defsig_fpe_outer.o(.text) refers to defsig_exit.o(.text) for __sig_exit
    defsig_fpe_formal.o(.text) refers to rt_raise.o(.text) for __rt_raise
    libinit.o(.ARM.Collect$$libinit$$00000000) refers (Special) to libinit2.o(.ARM.Collect$$libinit$$0000002E) for __rt_lib_init_alloca_1
    libinit.o(.ARM.Collect$$libinit$$00000000) refers (Special) to libinit2.o(.ARM.Collect$$libinit$$0000002C) for __rt_lib_init_argv_1
    libinit.o(.ARM.Collect$$libinit$$00000000) refers (Special) to libinit2.o(.ARM.Collect$$libinit$$0000001B) for __rt_lib_init_atexit_1
    libinit.o(.ARM.Collect$$libinit$$00000000) refers (Special) to libinit2.o(.ARM.Collect$$libinit$$00000021) for __rt_lib_init_clock_1
    libinit.o(.ARM.Collect$$libinit$$00000000) refers (Special) to libinit2.o(.ARM.Collect$$libinit$$00000032) for __rt_lib_init_cpp_1
    libinit.o(.ARM.Collect$$libinit$$00000000) refers (Special) to libinit2.o(.ARM.Collect$$libinit$$00000030) for __rt_lib_init_exceptions_1
    libinit.o(.ARM.Collect$$libinit$$00000000) refers (Special) to libinit2.o(.ARM.Collect$$libinit$$00000002) for __rt_lib_init_fp_1
    libinit.o(.ARM.Collect$$libinit$$00000000) refers (Special) to libinit2.o(.ARM.Collect$$libinit$$0000001F) for __rt_lib_init_fp_trap_1
    libinit.o(.ARM.Collect$$libinit$$00000000) refers (Special) to libinit2.o(.ARM.Collect$$libinit$$00000023) for __rt_lib_init_getenv_1
    libinit.o(.ARM.Collect$$libinit$$00000000) refers (Special) to libinit2.o(.ARM.Collect$$libinit$$0000000A) for __rt_lib_init_heap_1
    libinit.o(.ARM.Collect$$libinit$$00000000) refers (Special) to libinit2.o(.ARM.Collect$$libinit$$00000011) for __rt_lib_init_lc_collate_1
    libinit.o(.ARM.Collect$$libinit$$00000000) refers (Special) to libinit2.o(.ARM.Collect$$libinit$$00000013) for __rt_lib_init_lc_ctype_1
    libinit.o(.ARM.Collect$$libinit$$00000000) refers (Special) to libinit2.o(.ARM.Collect$$libinit$$00000015) for __rt_lib_init_lc_monetary_1
    libinit.o(.ARM.Collect$$libinit$$00000000) refers (Special) to libinit2.o(.ARM.Collect$$libinit$$00000017) for __rt_lib_init_lc_numeric_1
    libinit.o(.ARM.Collect$$libinit$$00000000) refers (Special) to libinit2.o(.ARM.Collect$$libinit$$00000019) for __rt_lib_init_lc_time_1
    libinit.o(.ARM.Collect$$libinit$$00000000) refers (Special) to libinit2.o(.ARM.Collect$$libinit$$00000004) for __rt_lib_init_preinit_1
    libinit.o(.ARM.Collect$$libinit$$00000000) refers (Special) to libinit2.o(.ARM.Collect$$libinit$$0000000E) for __rt_lib_init_rand_1
    libinit.o(.ARM.Collect$$libinit$$00000000) refers (Special) to libinit2.o(.ARM.Collect$$libinit$$00000033) for __rt_lib_init_return
    libinit.o(.ARM.Collect$$libinit$$00000000) refers (Special) to libinit2.o(.ARM.Collect$$libinit$$0000001D) for __rt_lib_init_signal_1
    libinit.o(.ARM.Collect$$libinit$$00000000) refers (Special) to libinit2.o(.ARM.Collect$$libinit$$00000025) for __rt_lib_init_stdio_1
    libinit.o(.ARM.Collect$$libinit$$00000000) refers (Special) to libinit2.o(.ARM.Collect$$libinit$$0000000C) for __rt_lib_init_user_alloc_1
    cmpret.o(.text) refers (Special) to usenofp.o(x$fpl$usenofp) for __I$use$fp
    dnan2.o(.text) refers (Special) to usenofp.o(x$fpl$usenofp) for __I$use$fp
    dnan2.o(.text) refers to retnan.o(.text) for __fpl_return_NaN
    rtexit.o(.ARM.Collect$$rtexit$$00000000) refers (Special) to rtexit2.o(.ARM.Collect$$rtexit$$00000004) for __rt_exit_exit
    rtexit.o(.ARM.Collect$$rtexit$$00000000) refers (Special) to rtexit2.o(.ARM.Collect$$rtexit$$00000003) for __rt_exit_ls
    rtexit.o(.ARM.Collect$$rtexit$$00000000) refers (Special) to rtexit2.o(.ARM.Collect$$rtexit$$00000002) for __rt_exit_prels_1
    rtexit.o(.ARM.exidx) refers (Special) to rtexit2.o(.ARM.Collect$$rtexit$$00000004) for __rt_exit_exit
    rtexit.o(.ARM.exidx) refers (Special) to rtexit2.o(.ARM.Collect$$rtexit$$00000003) for __rt_exit_ls
    rtexit.o(.ARM.exidx) refers (Special) to rtexit2.o(.ARM.Collect$$rtexit$$00000002) for __rt_exit_prels_1
    rtexit.o(.ARM.exidx) refers to rtexit.o(.ARM.Collect$$rtexit$$00000000) for .ARM.Collect$$rtexit$$00000000
    rt_raise.o(.text) refers to __raise.o(.text) for __raise
    rt_raise.o(.text) refers to sys_exit.o(.text) for _sys_exit
    defsig_exit.o(.text) refers to sys_exit.o(.text) for _sys_exit
    defsig_fpe_inner.o(.text) refers to defsig_general.o(.text) for __default_signal_display
    libinit2.o(.ARM.Collect$$libinit$$00000010) refers to libinit2.o(.ARM.Collect$$libinit$$0000000F) for .ARM.Collect$$libinit$$0000000F
    libinit2.o(.ARM.Collect$$libinit$$00000012) refers to libinit2.o(.ARM.Collect$$libinit$$0000000F) for .ARM.Collect$$libinit$$0000000F
    libinit2.o(.ARM.Collect$$libinit$$00000014) refers to libinit2.o(.ARM.Collect$$libinit$$0000000F) for .ARM.Collect$$libinit$$0000000F
    libinit2.o(.ARM.Collect$$libinit$$00000016) refers to libinit2.o(.ARM.Collect$$libinit$$0000000F) for .ARM.Collect$$libinit$$0000000F
    libinit2.o(.ARM.Collect$$libinit$$00000018) refers to libinit2.o(.ARM.Collect$$libinit$$0000000F) for .ARM.Collect$$libinit$$0000000F
    libinit2.o(.ARM.Collect$$libinit$$00000026) refers to argv_veneer.o(.text) for __ARM_argv_veneer
    libinit2.o(.ARM.Collect$$libinit$$00000027) refers to argv_veneer.o(.text) for __ARM_argv_veneer
    retnan.o(.text) refers (Special) to usenofp.o(x$fpl$usenofp) for __I$use$fp
    retnan.o(.text) refers to cmpret.o(.text) for __fpl_cmpreturn
    sys_exit.o(.text) refers (Special) to use_no_semi.o(.text) for __I$use$semihosting
    sys_exit.o(.text) refers (Special) to indicate_semi.o(.text) for __semihosting_library_function
    sys_exit_hlt.o(.text) refers (Special) to use_no_semi.o(.text) for __I$use$semihosting
    sys_exit_hlt.o(.text) refers (Special) to indicate_semi.o(.text) for __semihosting_library_function
    rtexit2.o(.ARM.Collect$$rtexit$$00000003) refers to libshutdown.o(.ARM.Collect$$libshutdown$$00000000) for __rt_lib_shutdown
    rtexit2.o(.ARM.Collect$$rtexit$$00000004) refers to sys_exit.o(.text) for _sys_exit
    rtexit2.o(.ARM.exidx) refers to rtexit2.o(.ARM.Collect$$rtexit$$00000001) for .ARM.Collect$$rtexit$$00000001
    rtexit2.o(.ARM.exidx) refers to rtexit2.o(.ARM.Collect$$rtexit$$00000003) for .ARM.Collect$$rtexit$$00000003
    rtexit2.o(.ARM.exidx) refers to rtexit2.o(.ARM.Collect$$rtexit$$00000004) for .ARM.Collect$$rtexit$$00000004
    __raise.o(.text) refers to defsig.o(CL$$defsig) for __default_signal_handler
    defsig_general.o(.text) refers to sys_wrch.o(.text) for _ttywrch
    sys_wrch.o(.text) refers (Special) to use_no_semi.o(.text) for __I$use$semihosting
    sys_wrch.o(.text) refers (Special) to indicate_semi.o(.text) for __semihosting_library_function
    sys_wrch_hlt.o(.text) refers (Special) to use_no_semi.o(.text) for __I$use$semihosting
    sys_wrch_hlt.o(.text) refers (Special) to indicate_semi.o(.text) for __semihosting_library_function
    defsig.o(CL$$defsig) refers to defsig_fpe_inner.o(.text) for __rt_SIGFPE_inner
    defsig.o(CL$$defsig) refers to defsig_rtmem_inner.o(.text) for __rt_SIGRTMEM_inner
    _get_argv_nomalloc.o(.text) refers (Special) to hrguard.o(.text) for __heap_region$guard
    _get_argv_nomalloc.o(.text) refers to defsig_rtmem_outer.o(.text) for __rt_SIGRTMEM
    _get_argv_nomalloc.o(.text) refers to sys_command.o(.text) for _sys_command_string
    libshutdown.o(.ARM.Collect$$libshutdown$$00000000) refers (Special) to libshutdown2.o(.ARM.Collect$$libshutdown$$00000002) for __rt_lib_shutdown_cpp_1
    libshutdown.o(.ARM.Collect$$libshutdown$$00000000) refers (Special) to libshutdown2.o(.ARM.Collect$$libshutdown$$00000007) for __rt_lib_shutdown_fp_trap_1
    libshutdown.o(.ARM.Collect$$libshutdown$$00000000) refers (Special) to libshutdown2.o(.ARM.Collect$$libshutdown$$0000000F) for __rt_lib_shutdown_heap_1
    libshutdown.o(.ARM.Collect$$libshutdown$$00000000) refers (Special) to libshutdown2.o(.ARM.Collect$$libshutdown$$00000010) for __rt_lib_shutdown_return
    libshutdown.o(.ARM.Collect$$libshutdown$$00000000) refers (Special) to libshutdown2.o(.ARM.Collect$$libshutdown$$0000000A) for __rt_lib_shutdown_signal_1
    libshutdown.o(.ARM.Collect$$libshutdown$$00000000) refers (Special) to libshutdown2.o(.ARM.Collect$$libshutdown$$00000004) for __rt_lib_shutdown_stdio_1
    libshutdown.o(.ARM.Collect$$libshutdown$$00000000) refers (Special) to libshutdown2.o(.ARM.Collect$$libshutdown$$0000000C) for __rt_lib_shutdown_user_alloc_1
    sys_command.o(.text) refers (Special) to use_no_semi.o(.text) for __I$use$semihosting
    sys_command.o(.text) refers (Special) to indicate_semi.o(.text) for __semihosting_library_function
    sys_command_hlt.o(.text) refers (Special) to use_no_semi.o(.text) for __I$use$semihosting
    sys_command_hlt.o(.text) refers (Special) to indicate_semi.o(.text) for __semihosting_library_function
    defsig_abrt_inner.o(.text) refers to defsig_general.o(.text) for __default_signal_display
    defsig_rtred_inner.o(.text) refers to defsig_general.o(.text) for __default_signal_display
    defsig_rtmem_inner.o(.text) refers to defsig_general.o(.text) for __default_signal_display
    defsig_rtmem_outer.o(.text) refers to defsig_rtmem_inner.o(.text) for __rt_SIGRTMEM_inner
    defsig_rtmem_outer.o(.text) refers to defsig_exit.o(.text) for __sig_exit
    defsig_rtmem_formal.o(.text) refers to rt_raise.o(.text) for __rt_raise
    defsig_stak_inner.o(.text) refers to defsig_general.o(.text) for __default_signal_display
    defsig_pvfn_inner.o(.text) refers to defsig_general.o(.text) for __default_signal_display
    defsig_cppl_inner.o(.text) refers to defsig_general.o(.text) for __default_signal_display
    defsig_segv_inner.o(.text) refers to defsig_general.o(.text) for __default_signal_display
    defsig_other.o(.text) refers to defsig_general.o(.text) for __default_signal_display


==============================================================================

Removing Unused input sections from the image.

    Removing main.o(.text), (0 bytes).
    Removing main.o(.ARM.exidx.text.main), (8 bytes).
    Removing main.o(.ARM.exidx.text.output), (8 bytes).
    Removing main.o(.ARM.exidx.text.delay), (8 bytes).
    Removing main.o(.ARM.use_no_argv), (4 bytes).
    Removing system_stm32f0xx.o(.text), (0 bytes).
    Removing system_stm32f0xx.o(.ARM.exidx.text.SystemInit), (8 bytes).
    Removing system_stm32f0xx.o(.text.SystemCoreClockUpdate), (248 bytes).
    Removing system_stm32f0xx.o(.ARM.exidx.text.SystemCoreClockUpdate), (8 bytes).
    Removing system_stm32f0xx.o(.data.SystemCoreClock), (4 bytes).
    Removing system_stm32f0xx.o(.rodata.AHBPrescTable), (16 bytes).
    Removing system_stm32f0xx.o(.rodata.APBPrescTable), (8 bytes).

12 unused section(s) (total 320 bytes) removed from the image.

==============================================================================

Image Symbol Table

    Local Symbols

    Symbol Name                              Value     Ov Type        Size  Object(Section)

    ../clib/angel/boardlib.s                 0x00000000   Number         0  boardinit1.o ABSOLUTE
    ../clib/angel/boardlib.s                 0x00000000   Number         0  boardinit2.o ABSOLUTE
    ../clib/angel/boardlib.s                 0x00000000   Number         0  boardinit3.o ABSOLUTE
    ../clib/angel/boardlib.s                 0x00000000   Number         0  boardshut.o ABSOLUTE
    ../clib/angel/handlers.s                 0x00000000   Number         0  __scatter_zi.o ABSOLUTE
    ../clib/angel/kernel.s                   0x00000000   Number         0  __rtentry.o ABSOLUTE
    ../clib/angel/kernel.s                   0x00000000   Number         0  __rtentry2.o ABSOLUTE
    ../clib/angel/kernel.s                   0x00000000   Number         0  __rtentry4.o ABSOLUTE
    ../clib/angel/kernel.s                   0x00000000   Number         0  rtexit.o ABSOLUTE
    ../clib/angel/kernel.s                   0x00000000   Number         0  rtexit2.o ABSOLUTE
    ../clib/angel/rt.s                       0x00000000   Number         0  aeabi_idiv0.o ABSOLUTE
    ../clib/angel/rt.s                       0x00000000   Number         0  aeabi_idiv0_sigfpe.o ABSOLUTE
    ../clib/angel/rt.s                       0x00000000   Number         0  rt_div0.o ABSOLUTE
    ../clib/angel/rt.s                       0x00000000   Number         0  rt_errno_addr.o ABSOLUTE
    ../clib/angel/rt.s                       0x00000000   Number         0  rt_errno_addr_intlibspace.o ABSOLUTE
    ../clib/angel/rt.s                       0x00000000   Number         0  rt_raise.o ABSOLUTE
    ../clib/angel/scatterp.s                 0x00000000   Number         0  __scatter.o ABSOLUTE
    ../clib/angel/startup.s                  0x00000000   Number         0  __main.o ABSOLUTE
    ../clib/angel/sys.s                      0x00000000   Number         0  libspace.o ABSOLUTE
    ../clib/angel/sys.s                      0x00000000   Number         0  sys_stackheap_outer.o ABSOLUTE
    ../clib/angel/sys.s                      0x00000000   Number         0  tempstk.o ABSOLUTE
    ../clib/angel/sys.s                      0x00000000   Number         0  use_no_semi.o ABSOLUTE
    ../clib/angel/sys.s                      0x00000000   Number         0  indicate_semi.o ABSOLUTE
    ../clib/angel/sysapp.c                   0x00000000   Number         0  sys_exit.o ABSOLUTE
    ../clib/angel/sysapp.c                   0x00000000   Number         0  sys_exit_hlt.o ABSOLUTE
    ../clib/angel/sysapp.c                   0x00000000   Number         0  sys_wrch.o ABSOLUTE
    ../clib/angel/sysapp.c                   0x00000000   Number         0  sys_wrch_hlt.o ABSOLUTE
    ../clib/angel/sysapp.c                   0x00000000   Number         0  sys_command.o ABSOLUTE
    ../clib/angel/sysapp.c                   0x00000000   Number         0  sys_command_hlt.o ABSOLUTE
    ../clib/armsys.c                         0x00000000   Number         0  argv_veneer.o ABSOLUTE
    ../clib/armsys.c                         0x00000000   Number         0  _get_argv_nomalloc.o ABSOLUTE
    ../clib/armsys.c                         0x00000000   Number         0  no_argv.o ABSOLUTE
    ../clib/division.s                       0x00000000   Number         0  aeabi_sdiv.o ABSOLUTE
    ../clib/division.s                       0x00000000   Number         0  aeabi_sdiv_div0.o ABSOLUTE
    ../clib/fenv.c                           0x00000000   Number         0  _rserrno.o ABSOLUTE
    ../clib/heapalloc.c                      0x00000000   Number         0  hrguard.o ABSOLUTE
    ../clib/heapaux.c                        0x00000000   Number         0  heapauxi.o ABSOLUTE
    ../clib/libinit.s                        0x00000000   Number         0  libinit.o ABSOLUTE
    ../clib/libinit.s                        0x00000000   Number         0  libinit2.o ABSOLUTE
    ../clib/libinit.s                        0x00000000   Number         0  libshutdown.o ABSOLUTE
    ../clib/libinit.s                        0x00000000   Number         0  libshutdown2.o ABSOLUTE
    ../clib/signal.c                         0x00000000   Number         0  defsig_fpe_outer.o ABSOLUTE
    ../clib/signal.c                         0x00000000   Number         0  defsig_fpe_formal.o ABSOLUTE
    ../clib/signal.c                         0x00000000   Number         0  defsig_exit.o ABSOLUTE
    ../clib/signal.c                         0x00000000   Number         0  defsig_fpe_inner.o ABSOLUTE
    ../clib/signal.c                         0x00000000   Number         0  __raise.o ABSOLUTE
    ../clib/signal.c                         0x00000000   Number         0  defsig_general.o ABSOLUTE
    ../clib/signal.c                         0x00000000   Number         0  defsig_abrt_inner.o ABSOLUTE
    ../clib/signal.c                         0x00000000   Number         0  defsig_rtred_inner.o ABSOLUTE
    ../clib/signal.c                         0x00000000   Number         0  defsig_rtmem_inner.o ABSOLUTE
    ../clib/signal.c                         0x00000000   Number         0  defsig_rtmem_outer.o ABSOLUTE
    ../clib/signal.c                         0x00000000   Number         0  defsig_rtmem_formal.o ABSOLUTE
    ../clib/signal.c                         0x00000000   Number         0  defsig_stak_inner.o ABSOLUTE
    ../clib/signal.c                         0x00000000   Number         0  defsig_pvfn_inner.o ABSOLUTE
    ../clib/signal.c                         0x00000000   Number         0  defsig_cppl_inner.o ABSOLUTE
    ../clib/signal.c                         0x00000000   Number         0  defsig_segv_inner.o ABSOLUTE
    ../clib/signal.c                         0x00000000   Number         0  defsig_other.o ABSOLUTE
    ../clib/signal.s                         0x00000000   Number         0  defsig.o ABSOLUTE
    ../clib/stdlib.c                         0x00000000   Number         0  exit.o ABSOLUTE
    ../fplib/cfplib/cmpret.c                 0x00000000   Number         0  cmpret.o ABSOLUTE
    ../fplib/cfplib/daddsub.c                0x00000000   Number         0  daddsub.o ABSOLUTE
    ../fplib/cfplib/dcmpin.c                 0x00000000   Number         0  dcmpin.o ABSOLUTE
    ../fplib/cfplib/ddiv.c                   0x00000000   Number         0  ddiv.o ABSOLUTE
    ../fplib/cfplib/dmul.c                   0x00000000   Number         0  dmul.o ABSOLUTE
    ../fplib/cfplib/dsqrt.c                  0x00000000   Number         0  dsqrt.o ABSOLUTE
    ../fplib/cfplib/ffix.c                   0x00000000   Number         0  dfixui.o ABSOLUTE
    ../fplib/cfplib/fflt.c                   0x00000000   Number         0  dflti.o ABSOLUTE
    ../fplib/cfplib/fpinit.c                 0x00000000   Number         0  fpinit.o ABSOLUTE
    ../fplib/cfplib/nan2.c                   0x00000000   Number         0  dnan2.o ABSOLUTE
    ../fplib/cfplib/retnan.c                 0x00000000   Number         0  retnan.o ABSOLUTE
    ../fplib/cfplib/scalbn.c                 0x00000000   Number         0  dscalbn.o ABSOLUTE
    ../fplib/drleqf6m.s                      0x00000000   Number         0  drlef.o ABSOLUTE
    ../fplib/usenofp.s                       0x00000000   Number         0  usenofp.o ABSOLUTE
    ../mathlib/dunder.c                      0x00000000   Number         0  dunder.o ABSOLUTE
    ../mathlib/fpclassify.c                  0x00000000   Number         0  fpclassify.o ABSOLUTE
    ../mathlib/poly.c                        0x00000000   Number         0  poly.o ABSOLUTE
    ../mathlib/pow.c                         0x00000000   Number         0  pow.o ABSOLUTE
    ../mathlib/qnan.c                        0x00000000   Number         0  qnan.o ABSOLUTE
    ../mathlib/sqrt.c                        0x00000000   Number         0  sqrt.o ABSOLUTE
    RTE/Device/STM32F072RBTx/startup_stm32f072xb.s 0x00000000   Number         0  startup_stm32f072xb.o ABSOLUTE
    dc.s                                     0x00000000   Number         0  dc.o ABSOLUTE
    main.c                                   0x00000000   Number         0  main.o ABSOLUTE
    system_stm32f0xx.c                       0x00000000   Number         0  system_stm32f0xx.o ABSOLUTE
    RESET                                    0x08000000   Section      192  startup_stm32f072xb.o(RESET)
    !!!main                                  0x080000c0   Section        8  __main.o(!!!main)
    !!!scatter                               0x080000c8   Section       60  __scatter.o(!!!scatter)
    !!handler_zi                             0x08000104   Section       28  __scatter_zi.o(!!handler_zi)
    .ARM.Collect$$libinit$$00000000          0x08000120   Section        2  libinit.o(.ARM.Collect$$libinit$$00000000)
    .ARM.Collect$$libinit$$00000002          0x08000122   Section        0  libinit2.o(.ARM.Collect$$libinit$$00000002)
    .ARM.Collect$$libinit$$00000004          0x08000122   Section        0  libinit2.o(.ARM.Collect$$libinit$$00000004)
    .ARM.Collect$$libinit$$0000000A          0x08000122   Section        0  libinit2.o(.ARM.Collect$$libinit$$0000000A)
    .ARM.Collect$$libinit$$0000000C          0x08000122   Section        0  libinit2.o(.ARM.Collect$$libinit$$0000000C)
    .ARM.Collect$$libinit$$0000000E          0x08000122   Section        0  libinit2.o(.ARM.Collect$$libinit$$0000000E)
    .ARM.Collect$$libinit$$00000011          0x08000122   Section        0  libinit2.o(.ARM.Collect$$libinit$$00000011)
    .ARM.Collect$$libinit$$00000013          0x08000122   Section        0  libinit2.o(.ARM.Collect$$libinit$$00000013)
    .ARM.Collect$$libinit$$00000015          0x08000122   Section        0  libinit2.o(.ARM.Collect$$libinit$$00000015)
    .ARM.Collect$$libinit$$00000017          0x08000122   Section        0  libinit2.o(.ARM.Collect$$libinit$$00000017)
    .ARM.Collect$$libinit$$00000019          0x08000122   Section        0  libinit2.o(.ARM.Collect$$libinit$$00000019)
    .ARM.Collect$$libinit$$0000001B          0x08000122   Section        0  libinit2.o(.ARM.Collect$$libinit$$0000001B)
    .ARM.Collect$$libinit$$0000001D          0x08000122   Section        0  libinit2.o(.ARM.Collect$$libinit$$0000001D)
    .ARM.Collect$$libinit$$0000001F          0x08000122   Section        0  libinit2.o(.ARM.Collect$$libinit$$0000001F)
    .ARM.Collect$$libinit$$00000021          0x08000122   Section        0  libinit2.o(.ARM.Collect$$libinit$$00000021)
    .ARM.Collect$$libinit$$00000023          0x08000122   Section        0  libinit2.o(.ARM.Collect$$libinit$$00000023)
    .ARM.Collect$$libinit$$00000025          0x08000122   Section        0  libinit2.o(.ARM.Collect$$libinit$$00000025)
    .ARM.Collect$$libinit$$0000002C          0x08000122   Section        0  libinit2.o(.ARM.Collect$$libinit$$0000002C)
    .ARM.Collect$$libinit$$0000002E          0x08000122   Section        0  libinit2.o(.ARM.Collect$$libinit$$0000002E)
    .ARM.Collect$$libinit$$00000030          0x08000122   Section        0  libinit2.o(.ARM.Collect$$libinit$$00000030)
    .ARM.Collect$$libinit$$00000032          0x08000122   Section        0  libinit2.o(.ARM.Collect$$libinit$$00000032)
    .ARM.Collect$$libinit$$00000033          0x08000122   Section        2  libinit2.o(.ARM.Collect$$libinit$$00000033)
    .ARM.Collect$$libshutdown$$00000000      0x08000124   Section        2  libshutdown.o(.ARM.Collect$$libshutdown$$00000000)
    .ARM.Collect$$libshutdown$$00000002      0x08000126   Section        0  libshutdown2.o(.ARM.Collect$$libshutdown$$00000002)
    .ARM.Collect$$libshutdown$$00000004      0x08000126   Section        0  libshutdown2.o(.ARM.Collect$$libshutdown$$00000004)
    .ARM.Collect$$libshutdown$$00000007      0x08000126   Section        0  libshutdown2.o(.ARM.Collect$$libshutdown$$00000007)
    .ARM.Collect$$libshutdown$$0000000A      0x08000126   Section        0  libshutdown2.o(.ARM.Collect$$libshutdown$$0000000A)
    .ARM.Collect$$libshutdown$$0000000C      0x08000126   Section        0  libshutdown2.o(.ARM.Collect$$libshutdown$$0000000C)
    .ARM.Collect$$libshutdown$$0000000F      0x08000126   Section        0  libshutdown2.o(.ARM.Collect$$libshutdown$$0000000F)
    .ARM.Collect$$libshutdown$$00000010      0x08000126   Section        2  libshutdown2.o(.ARM.Collect$$libshutdown$$00000010)
    .ARM.Collect$$rtentry$$00000000          0x08000128   Section        0  __rtentry.o(.ARM.Collect$$rtentry$$00000000)
    .ARM.Collect$$rtentry$$00000002          0x08000128   Section        0  __rtentry2.o(.ARM.Collect$$rtentry$$00000002)
    .ARM.Collect$$rtentry$$00000004          0x08000128   Section        6  __rtentry4.o(.ARM.Collect$$rtentry$$00000004)
    .ARM.Collect$$rtentry$$00000009          0x0800012e   Section        0  __rtentry2.o(.ARM.Collect$$rtentry$$00000009)
    .ARM.Collect$$rtentry$$0000000A          0x0800012e   Section        4  __rtentry2.o(.ARM.Collect$$rtentry$$0000000A)
    .ARM.Collect$$rtentry$$0000000C          0x08000132   Section        0  __rtentry2.o(.ARM.Collect$$rtentry$$0000000C)
    .ARM.Collect$$rtentry$$0000000D          0x08000132   Section        8  __rtentry2.o(.ARM.Collect$$rtentry$$0000000D)
    .ARM.Collect$$rtexit$$00000000           0x0800013a   Section        2  rtexit.o(.ARM.Collect$$rtexit$$00000000)
    .ARM.Collect$$rtexit$$00000002           0x0800013c   Section        0  rtexit2.o(.ARM.Collect$$rtexit$$00000002)
    .ARM.Collect$$rtexit$$00000003           0x0800013c   Section        4  rtexit2.o(.ARM.Collect$$rtexit$$00000003)
    .ARM.Collect$$rtexit$$00000004           0x08000140   Section        6  rtexit2.o(.ARM.Collect$$rtexit$$00000004)
    .text                                    0x08000148   Section       56  startup_stm32f072xb.o(.text)
    .text                                    0x08000180   Section      364  aeabi_sdiv.o(.text)
    .text                                    0x080002ec   Section        0  heapauxi.o(.text)
    _dadd1                                   0x080002f5   Thumb Code   290  daddsub.o(.text)
    .text                                    0x080002f4   Section        0  daddsub.o(.text)
    _dsub1                                   0x08000417   Thumb Code   470  daddsub.o(.text)
    .text                                    0x0800064c   Section        0  dfixui.o(.text)
    .text                                    0x08000694   Section        0  dflti.o(.text)
    .text                                    0x080006ec   Section        0  dmul.o(.text)
    .text                                    0x08000934   Section        0  _rserrno.o(.text)
    .text                                    0x0800094c   Section        0  ddiv.o(.text)
    .text                                    0x08000d94   Section        0  dscalbn.o(.text)
    .text                                    0x08000df4   Section        8  rt_errno_addr_intlibspace.o(.text)
    .text                                    0x08000dfc   Section        0  dcmpin.o(.text)
    .text                                    0x08000e9c   Section        0  dsqrt.o(.text)
    .text                                    0x08000f9c   Section        8  libspace.o(.text)
    .text                                    0x08000fa4   Section       62  sys_stackheap_outer.o(.text)
    .text                                    0x08000fe2   Section        0  exit.o(.text)
    .text                                    0x08000ff2   Section        0  cmpret.o(.text)
    .text                                    0x08001020   Section        0  dnan2.o(.text)
    .text                                    0x08001034   Section        0  retnan.o(.text)
    .text                                    0x08001094   Section        0  sys_exit.o(.text)
    .text                                    0x080010a0   Section        2  use_no_semi.o(.text)
    [Anonymous Symbol]                       0x080010a2   Section        0  system_stm32f0xx.o(.text.SystemInit)
    .text                                    0x080010a2   Section        0  indicate_semi.o(.text)
    [Anonymous Symbol]                       0x080010a4   Section        0  main.o(.text.delay)
    [Anonymous Symbol]                       0x080010c8   Section        0  main.o(.text.main)
    __arm_cp.0_0                             0x080012b0   Number         4  main.o(.text.main)
    __arm_cp.0_1                             0x080012b4   Number         4  main.o(.text.main)
    __arm_cp.0_2                             0x080012b8   Number         4  main.o(.text.main)
    __arm_cp.0_3                             0x080012bc   Number         4  main.o(.text.main)
    __arm_cp.0_4                             0x080012c0   Number         4  main.o(.text.main)
    __arm_cp.0_5                             0x080012c4   Number         4  main.o(.text.main)
    __arm_cp.0_7                             0x080012c8   Number         4  main.o(.text.main)
    __arm_cp.0_8                             0x080012cc   Number         4  main.o(.text.main)
    [Anonymous Symbol]                       0x080012d0   Section        0  main.o(.text.output)
    __arm_cp.1_0                             0x08001418   Number         4  main.o(.text.output)
    i.__ARM_fpclassify                       0x0800141c   Section        0  fpclassify.o(i.__ARM_fpclassify)
    i.__kernel_poly                          0x08001448   Section        0  poly.o(i.__kernel_poly)
    i.__mathlib_dbl_divzero                  0x080014f4   Section        0  dunder.o(i.__mathlib_dbl_divzero)
    i.__mathlib_dbl_infnan2                  0x08001508   Section        0  dunder.o(i.__mathlib_dbl_infnan2)
    i.__mathlib_dbl_invalid                  0x08001510   Section        0  dunder.o(i.__mathlib_dbl_invalid)
    i.__mathlib_dbl_overflow                 0x08001520   Section        0  dunder.o(i.__mathlib_dbl_overflow)
    i.__mathlib_dbl_underflow                0x08001534   Section        0  dunder.o(i.__mathlib_dbl_underflow)
    i.pow                                    0x08001548   Section        0  pow.o(i.pow)
    i.sqrt                                   0x08001f44   Section        0  sqrt.o(i.sqrt)
    x$fpl$drleqf                             0x08001f8c   Section      104  drlef.o(x$fpl$drleqf)
    x$fpl$usenofp                            0x08001ff4   Section        0  usenofp.o(x$fpl$usenofp)
    bp                                       0x08001ff8   Data          16  pow.o(.constdata)
    .constdata                               0x08001ff8   Section      136  pow.o(.constdata)
    dp_h                                     0x08002008   Data          16  pow.o(.constdata)
    dp_l                                     0x08002018   Data          16  pow.o(.constdata)
    L                                        0x08002028   Data          48  pow.o(.constdata)
    P                                        0x08002058   Data          40  pow.o(.constdata)
    ddiv_reciptbl                            0x08002080   Data         128  ddiv.o(.constdata)
    .constdata                               0x08002080   Section      128  ddiv.o(.constdata)
    .constdata                               0x08002100   Section        8  qnan.o(.constdata)
    .bss                                     0x20000000   Section       96  libspace.o(.bss)
    Heap_Mem                                 0x20000060   Data         512  startup_stm32f072xb.o(HEAP)
    HEAP                                     0x20000060   Section      512  startup_stm32f072xb.o(HEAP)
    Stack_Mem                                0x20000260   Data        1024  startup_stm32f072xb.o(STACK)
    STACK                                    0x20000260   Section     1024  startup_stm32f072xb.o(STACK)
    __initial_sp                             0x20000660   Data           0  startup_stm32f072xb.o(STACK)

    Global Symbols

    Symbol Name                              Value     Ov Type        Size  Object(Section)

    BuildAttributes$$THM_ISAv3M$S$PE$A:L22$X:L11$S22$IEEE1$IW$~IW$USESV6$~STKCKD$USESV7$~SHL$OTIME$ROPI$IEEEX$EBA8$UX$STANDARDLIB$REQ8$PRES8$EABIv2 0x00000000   Number         0  anon$$obj.o ABSOLUTE
    __ARM_exceptions_init                     - Undefined Weak Reference
    __alloca_initialize                       - Undefined Weak Reference
    __arm_preinit_                            - Undefined Weak Reference
    __cpp_initialize__aeabi_                  - Undefined Weak Reference
    __cxa_finalize                            - Undefined Weak Reference
    __rt_locale                               - Undefined Weak Reference
    __sigvec_lookup                           - Undefined Weak Reference
    _atexit_init                              - Undefined Weak Reference
    _call_atexit_fns                          - Undefined Weak Reference
    _clock_init                               - Undefined Weak Reference
    _fp_trap_init                             - Undefined Weak Reference
    _fp_trap_shutdown                         - Undefined Weak Reference
    _get_lc_collate                           - Undefined Weak Reference
    _get_lc_ctype                             - Undefined Weak Reference
    _get_lc_monetary                          - Undefined Weak Reference
    _get_lc_numeric                           - Undefined Weak Reference
    _get_lc_time                              - Undefined Weak Reference
    _getenv_init                              - Undefined Weak Reference
    _handle_redirection                       - Undefined Weak Reference
    _init_alloc                               - Undefined Weak Reference
    _init_user_alloc                          - Undefined Weak Reference
    _initio                                   - Undefined Weak Reference
    _rand_init                                - Undefined Weak Reference
    _signal_finish                            - Undefined Weak Reference
    _signal_init                              - Undefined Weak Reference
    _terminate_alloc                          - Undefined Weak Reference
    _terminate_user_alloc                     - Undefined Weak Reference
    _terminateio                              - Undefined Weak Reference
    __Vectors_Size                           0x000000c0   Number         0  startup_stm32f072xb.o ABSOLUTE
    __Vectors                                0x08000000   Data           4  startup_stm32f072xb.o(RESET)
    __Vectors_End                            0x080000c0   Data           0  startup_stm32f072xb.o(RESET)
    __main                                   0x080000c1   Thumb Code     8  __main.o(!!!main)
    __scatterload                            0x080000c9   Thumb Code     0  __scatter.o(!!!scatter)
    __scatterload_rt2                        0x080000c9   Thumb Code    52  __scatter.o(!!!scatter)
    __scatterload_rt2_thumb_only             0x080000c9   Thumb Code     0  __scatter.o(!!!scatter)
    __scatterload_null                       0x080000d9   Thumb Code     0  __scatter.o(!!!scatter)
    __scatterload_zeroinit                   0x08000105   Thumb Code    28  __scatter_zi.o(!!handler_zi)
    __rt_lib_init                            0x08000121   Thumb Code     0  libinit.o(.ARM.Collect$$libinit$$00000000)
    __rt_lib_init_alloca_1                   0x08000123   Thumb Code     0  libinit2.o(.ARM.Collect$$libinit$$0000002E)
    __rt_lib_init_argv_1                     0x08000123   Thumb Code     0  libinit2.o(.ARM.Collect$$libinit$$0000002C)
    __rt_lib_init_atexit_1                   0x08000123   Thumb Code     0  libinit2.o(.ARM.Collect$$libinit$$0000001B)
    __rt_lib_init_clock_1                    0x08000123   Thumb Code     0  libinit2.o(.ARM.Collect$$libinit$$00000021)
    __rt_lib_init_cpp_1                      0x08000123   Thumb Code     0  libinit2.o(.ARM.Collect$$libinit$$00000032)
    __rt_lib_init_exceptions_1               0x08000123   Thumb Code     0  libinit2.o(.ARM.Collect$$libinit$$00000030)
    __rt_lib_init_fp_1                       0x08000123   Thumb Code     0  libinit2.o(.ARM.Collect$$libinit$$00000002)
    __rt_lib_init_fp_trap_1                  0x08000123   Thumb Code     0  libinit2.o(.ARM.Collect$$libinit$$0000001F)
    __rt_lib_init_getenv_1                   0x08000123   Thumb Code     0  libinit2.o(.ARM.Collect$$libinit$$00000023)
    __rt_lib_init_heap_1                     0x08000123   Thumb Code     0  libinit2.o(.ARM.Collect$$libinit$$0000000A)
    __rt_lib_init_lc_collate_1               0x08000123   Thumb Code     0  libinit2.o(.ARM.Collect$$libinit$$00000011)
    __rt_lib_init_lc_ctype_1                 0x08000123   Thumb Code     0  libinit2.o(.ARM.Collect$$libinit$$00000013)
    __rt_lib_init_lc_monetary_1              0x08000123   Thumb Code     0  libinit2.o(.ARM.Collect$$libinit$$00000015)
    __rt_lib_init_lc_numeric_1               0x08000123   Thumb Code     0  libinit2.o(.ARM.Collect$$libinit$$00000017)
    __rt_lib_init_lc_time_1                  0x08000123   Thumb Code     0  libinit2.o(.ARM.Collect$$libinit$$00000019)
    __rt_lib_init_preinit_1                  0x08000123   Thumb Code     0  libinit2.o(.ARM.Collect$$libinit$$00000004)
    __rt_lib_init_rand_1                     0x08000123   Thumb Code     0  libinit2.o(.ARM.Collect$$libinit$$0000000E)
    __rt_lib_init_return                     0x08000123   Thumb Code     0  libinit2.o(.ARM.Collect$$libinit$$00000033)
    __rt_lib_init_signal_1                   0x08000123   Thumb Code     0  libinit2.o(.ARM.Collect$$libinit$$0000001D)
    __rt_lib_init_stdio_1                    0x08000123   Thumb Code     0  libinit2.o(.ARM.Collect$$libinit$$00000025)
    __rt_lib_init_user_alloc_1               0x08000123   Thumb Code     0  libinit2.o(.ARM.Collect$$libinit$$0000000C)
    __rt_lib_shutdown                        0x08000125   Thumb Code     0  libshutdown.o(.ARM.Collect$$libshutdown$$00000000)
    __rt_lib_shutdown_cpp_1                  0x08000127   Thumb Code     0  libshutdown2.o(.ARM.Collect$$libshutdown$$00000002)
    __rt_lib_shutdown_fp_trap_1              0x08000127   Thumb Code     0  libshutdown2.o(.ARM.Collect$$libshutdown$$00000007)
    __rt_lib_shutdown_heap_1                 0x08000127   Thumb Code     0  libshutdown2.o(.ARM.Collect$$libshutdown$$0000000F)
    __rt_lib_shutdown_return                 0x08000127   Thumb Code     0  libshutdown2.o(.ARM.Collect$$libshutdown$$00000010)
    __rt_lib_shutdown_signal_1               0x08000127   Thumb Code     0  libshutdown2.o(.ARM.Collect$$libshutdown$$0000000A)
    __rt_lib_shutdown_stdio_1                0x08000127   Thumb Code     0  libshutdown2.o(.ARM.Collect$$libshutdown$$00000004)
    __rt_lib_shutdown_user_alloc_1           0x08000127   Thumb Code     0  libshutdown2.o(.ARM.Collect$$libshutdown$$0000000C)
    __rt_entry                               0x08000129   Thumb Code     0  __rtentry.o(.ARM.Collect$$rtentry$$00000000)
    __rt_entry_presh_1                       0x08000129   Thumb Code     0  __rtentry2.o(.ARM.Collect$$rtentry$$00000002)
    __rt_entry_sh                            0x08000129   Thumb Code     0  __rtentry4.o(.ARM.Collect$$rtentry$$00000004)
    __rt_entry_li                            0x0800012f   Thumb Code     0  __rtentry2.o(.ARM.Collect$$rtentry$$0000000A)
    __rt_entry_postsh_1                      0x0800012f   Thumb Code     0  __rtentry2.o(.ARM.Collect$$rtentry$$00000009)
    __rt_entry_main                          0x08000133   Thumb Code     0  __rtentry2.o(.ARM.Collect$$rtentry$$0000000D)
    __rt_entry_postli_1                      0x08000133   Thumb Code     0  __rtentry2.o(.ARM.Collect$$rtentry$$0000000C)
    __rt_exit                                0x0800013b   Thumb Code     0  rtexit.o(.ARM.Collect$$rtexit$$00000000)
    __rt_exit_ls                             0x0800013d   Thumb Code     0  rtexit2.o(.ARM.Collect$$rtexit$$00000003)
    __rt_exit_prels_1                        0x0800013d   Thumb Code     0  rtexit2.o(.ARM.Collect$$rtexit$$00000002)
    __rt_exit_exit                           0x08000141   Thumb Code     0  rtexit2.o(.ARM.Collect$$rtexit$$00000004)
    Reset_Handler                            0x08000149   Thumb Code     8  startup_stm32f072xb.o(.text)
    NMI_Handler                              0x08000151   Thumb Code     2  startup_stm32f072xb.o(.text)
    HardFault_Handler                        0x08000153   Thumb Code     2  startup_stm32f072xb.o(.text)
    SVC_Handler                              0x08000155   Thumb Code     2  startup_stm32f072xb.o(.text)
    PendSV_Handler                           0x08000157   Thumb Code     2  startup_stm32f072xb.o(.text)
    SysTick_Handler                          0x08000159   Thumb Code     2  startup_stm32f072xb.o(.text)
    ADC1_COMP_IRQHandler                     0x0800015b   Thumb Code     0  startup_stm32f072xb.o(.text)
    CEC_CAN_IRQHandler                       0x0800015b   Thumb Code     0  startup_stm32f072xb.o(.text)
    DMA1_Channel1_IRQHandler                 0x0800015b   Thumb Code     0  startup_stm32f072xb.o(.text)
    DMA1_Channel2_3_IRQHandler               0x0800015b   Thumb Code     0  startup_stm32f072xb.o(.text)
    DMA1_Channel4_5_6_7_IRQHandler           0x0800015b   Thumb Code     0  startup_stm32f072xb.o(.text)
    EXTI0_1_IRQHandler                       0x0800015b   Thumb Code     0  startup_stm32f072xb.o(.text)
    EXTI2_3_IRQHandler                       0x0800015b   Thumb Code     0  startup_stm32f072xb.o(.text)
    EXTI4_15_IRQHandler                      0x0800015b   Thumb Code     0  startup_stm32f072xb.o(.text)
    FLASH_IRQHandler                         0x0800015b   Thumb Code     0  startup_stm32f072xb.o(.text)
    I2C1_IRQHandler                          0x0800015b   Thumb Code     0  startup_stm32f072xb.o(.text)
    I2C2_IRQHandler                          0x0800015b   Thumb Code     0  startup_stm32f072xb.o(.text)
    PVD_VDDIO2_IRQHandler                    0x0800015b   Thumb Code     0  startup_stm32f072xb.o(.text)
    RCC_CRS_IRQHandler                       0x0800015b   Thumb Code     0  startup_stm32f072xb.o(.text)
    RTC_IRQHandler                           0x0800015b   Thumb Code     0  startup_stm32f072xb.o(.text)
    SPI1_IRQHandler                          0x0800015b   Thumb Code     0  startup_stm32f072xb.o(.text)
    SPI2_IRQHandler                          0x0800015b   Thumb Code     0  startup_stm32f072xb.o(.text)
    TIM14_IRQHandler                         0x0800015b   Thumb Code     0  startup_stm32f072xb.o(.text)
    TIM15_IRQHandler                         0x0800015b   Thumb Code     0  startup_stm32f072xb.o(.text)
    TIM16_IRQHandler                         0x0800015b   Thumb Code     0  startup_stm32f072xb.o(.text)
    TIM17_IRQHandler                         0x0800015b   Thumb Code     0  startup_stm32f072xb.o(.text)
    TIM1_BRK_UP_TRG_COM_IRQHandler           0x0800015b   Thumb Code     0  startup_stm32f072xb.o(.text)
    TIM1_CC_IRQHandler                       0x0800015b   Thumb Code     0  startup_stm32f072xb.o(.text)
    TIM2_IRQHandler                          0x0800015b   Thumb Code     0  startup_stm32f072xb.o(.text)
    TIM3_IRQHandler                          0x0800015b   Thumb Code     0  startup_stm32f072xb.o(.text)
    TIM6_DAC_IRQHandler                      0x0800015b   Thumb Code     0  startup_stm32f072xb.o(.text)
    TIM7_IRQHandler                          0x0800015b   Thumb Code     0  startup_stm32f072xb.o(.text)
    TSC_IRQHandler                           0x0800015b   Thumb Code     0  startup_stm32f072xb.o(.text)
    USART1_IRQHandler                        0x0800015b   Thumb Code     0  startup_stm32f072xb.o(.text)
    USART2_IRQHandler                        0x0800015b   Thumb Code     0  startup_stm32f072xb.o(.text)
    USART3_4_IRQHandler                      0x0800015b   Thumb Code     0  startup_stm32f072xb.o(.text)
    USB_IRQHandler                           0x0800015b   Thumb Code     0  startup_stm32f072xb.o(.text)
    WWDG_IRQHandler                          0x0800015b   Thumb Code     0  startup_stm32f072xb.o(.text)
    __user_initial_stackheap                 0x0800015d   Thumb Code     0  startup_stm32f072xb.o(.text)
    __aeabi_uidiv                            0x08000181   Thumb Code     0  aeabi_sdiv.o(.text)
    __aeabi_uidivmod                         0x08000181   Thumb Code    20  aeabi_sdiv.o(.text)
    __aeabi_idiv                             0x08000195   Thumb Code     0  aeabi_sdiv.o(.text)
    __aeabi_idivmod                          0x08000195   Thumb Code   338  aeabi_sdiv.o(.text)
    __use_two_region_memory                  0x080002ed   Thumb Code     2  heapauxi.o(.text)
    __rt_heap_escrow$2region                 0x080002ef   Thumb Code     2  heapauxi.o(.text)
    __rt_heap_expand$2region                 0x080002f1   Thumb Code     2  heapauxi.o(.text)
    __aeabi_dadd                             0x080005ed   Thumb Code     0  daddsub.o(.text)
    _dadd                                    0x080005ed   Thumb Code    26  daddsub.o(.text)
    __aeabi_dsub                             0x08000607   Thumb Code     0  daddsub.o(.text)
    _dsub                                    0x08000607   Thumb Code    22  daddsub.o(.text)
    __aeabi_drsub                            0x0800061d   Thumb Code     0  daddsub.o(.text)
    _drsb                                    0x0800061d   Thumb Code    28  daddsub.o(.text)
    __aeabi_d2uiz                            0x0800064d   Thumb Code     0  dfixui.o(.text)
    _dfixu                                   0x0800064d   Thumb Code    68  dfixui.o(.text)
    __aeabi_i2d_normalise                    0x08000695   Thumb Code    66  dflti.o(.text)
    __aeabi_i2d                              0x080006d7   Thumb Code    16  dflti.o(.text)
    _dflt                                    0x080006d7   Thumb Code     0  dflti.o(.text)
    __aeabi_ui2d                             0x080006e7   Thumb Code     6  dflti.o(.text)
    _dfltu                                   0x080006e7   Thumb Code     0  dflti.o(.text)
    __aeabi_dmul                             0x080006ed   Thumb Code     0  dmul.o(.text)
    _dmul                                    0x080006ed   Thumb Code   558  dmul.o(.text)
    __read_errno                             0x08000935   Thumb Code    10  _rserrno.o(.text)
    __set_errno                              0x0800093f   Thumb Code    12  _rserrno.o(.text)
    __aeabi_ddiv                             0x0800094d   Thumb Code     0  ddiv.o(.text)
    _ddiv                                    0x0800094d   Thumb Code  1072  ddiv.o(.text)
    _drdiv                                   0x08000d7d   Thumb Code    20  ddiv.o(.text)
    __ARM_scalbn                             0x08000d95   Thumb Code    84  dscalbn.o(.text)
    __aeabi_errno_addr                       0x08000df5   Thumb Code     8  rt_errno_addr_intlibspace.o(.text)
    __errno$intlibspace                      0x08000df5   Thumb Code     0  rt_errno_addr_intlibspace.o(.text)
    __rt_errno_addr$intlibspace              0x08000df5   Thumb Code     0  rt_errno_addr_intlibspace.o(.text)
    __fpl_dcmp_InfNaN                        0x08000dfd   Thumb Code   154  dcmpin.o(.text)
    _dsqrt                                   0x08000e9d   Thumb Code   248  dsqrt.o(.text)
    __user_libspace                          0x08000f9d   Thumb Code     8  libspace.o(.text)
    __user_perproc_libspace                  0x08000f9d   Thumb Code     0  libspace.o(.text)
    __user_perthread_libspace                0x08000f9d   Thumb Code     0  libspace.o(.text)
    __user_setup_stackheap                   0x08000fa5   Thumb Code    62  sys_stackheap_outer.o(.text)
    exit                                     0x08000fe3   Thumb Code    16  exit.o(.text)
    __fpl_cmpreturn                          0x08000ff3   Thumb Code    46  cmpret.o(.text)
    __fpl_dcheck_NaN2                        0x08001021   Thumb Code    14  dnan2.o(.text)
    __fpl_return_NaN                         0x08001035   Thumb Code    94  retnan.o(.text)
    _sys_exit                                0x08001095   Thumb Code     8  sys_exit.o(.text)
    __I$use$semihosting                      0x080010a1   Thumb Code     0  use_no_semi.o(.text)
    __use_no_semihosting_swi                 0x080010a1   Thumb Code     2  use_no_semi.o(.text)
    SystemInit                               0x080010a3   Thumb Code     2  system_stm32f0xx.o(.text.SystemInit)
    __semihosting_library_function           0x080010a3   Thumb Code     0  indicate_semi.o(.text)
    delay                                    0x080010a5   Thumb Code    34  main.o(.text.delay)
    main                                     0x080010c9   Thumb Code   520  main.o(.text.main)
    output                                   0x080012d1   Thumb Code   332  main.o(.text.output)
    __ARM_fpclassify                         0x0800141d   Thumb Code    40  fpclassify.o(i.__ARM_fpclassify)
    __kernel_poly                            0x08001449   Thumb Code   172  poly.o(i.__kernel_poly)
    __mathlib_dbl_divzero                    0x080014f5   Thumb Code    16  dunder.o(i.__mathlib_dbl_divzero)
    __mathlib_dbl_infnan2                    0x08001509   Thumb Code     8  dunder.o(i.__mathlib_dbl_infnan2)
    __mathlib_dbl_invalid                    0x08001511   Thumb Code    16  dunder.o(i.__mathlib_dbl_invalid)
    __mathlib_dbl_overflow                   0x08001521   Thumb Code    16  dunder.o(i.__mathlib_dbl_overflow)
    __mathlib_dbl_underflow                  0x08001535   Thumb Code    14  dunder.o(i.__mathlib_dbl_underflow)
    pow                                      0x08001549   Thumb Code  2548  pow.o(i.pow)
    sqrt                                     0x08001f45   Thumb Code    66  sqrt.o(i.sqrt)
    __aeabi_cdrcmple                         0x08001f8d   Thumb Code     0  drlef.o(x$fpl$drleqf)
    _drcmple                                 0x08001f8d   Thumb Code   100  drlef.o(x$fpl$drleqf)
    __I$use$fp                               0x08001ff4   Number         0  usenofp.o(x$fpl$usenofp)
    __mathlib_zero                           0x08002100   Data           8  qnan.o(.constdata)
    Region$$Table$$Base                      0x08002108   Number         0  anon$$obj.o(Region$$Table)
    Region$$Table$$Limit                     0x08002118   Number         0  anon$$obj.o(Region$$Table)
    __libspace_start                         0x20000000   Data          96  libspace.o(.bss)
    __temporary_stack_top$libspace           0x20000060   Data           0  libspace.o(.bss)



==============================================================================

Memory Map of the image

  Image Entry point : 0x080000c1

  Load Region LR_IROM1 (Base: 0x08000000, Size: 0x00002118, Max: 0x00020000, ABSOLUTE)

    Execution Region ER_IROM1 (Exec base: 0x08000000, Load base: 0x08000000, Size: 0x00002118, Max: 0x00020000, ABSOLUTE)

    Exec Addr    Load Addr    Size         Type   Attr      Idx    E Section Name        Object

    0x08000000   0x08000000   0x000000c0   Data   RO           17    RESET               startup_stm32f072xb.o
    0x080000c0   0x080000c0   0x00000008   Code   RO           46  * !!!main             c_p.l(__main.o)
    0x080000c8   0x080000c8   0x0000003c   Code   RO          282    !!!scatter          c_p.l(__scatter.o)
    0x08000104   0x08000104   0x0000001c   Code   RO          284    !!handler_zi        c_p.l(__scatter_zi.o)
    0x08000120   0x08000120   0x00000002   Code   RO          142    .ARM.Collect$$libinit$$00000000  c_p.l(libinit.o)
    0x08000122   0x08000122   0x00000000   Code   RO          157    .ARM.Collect$$libinit$$00000002  c_p.l(libinit2.o)
    0x08000122   0x08000122   0x00000000   Code   RO          159    .ARM.Collect$$libinit$$00000004  c_p.l(libinit2.o)
    0x08000122   0x08000122   0x00000000   Code   RO          162    .ARM.Collect$$libinit$$0000000A  c_p.l(libinit2.o)
    0x08000122   0x08000122   0x00000000   Code   RO          164    .ARM.Collect$$libinit$$0000000C  c_p.l(libinit2.o)
    0x08000122   0x08000122   0x00000000   Code   RO          166    .ARM.Collect$$libinit$$0000000E  c_p.l(libinit2.o)
    0x08000122   0x08000122   0x00000000   Code   RO          169    .ARM.Collect$$libinit$$00000011  c_p.l(libinit2.o)
    0x08000122   0x08000122   0x00000000   Code   RO          171    .ARM.Collect$$libinit$$00000013  c_p.l(libinit2.o)
    0x08000122   0x08000122   0x00000000   Code   RO          173    .ARM.Collect$$libinit$$00000015  c_p.l(libinit2.o)
    0x08000122   0x08000122   0x00000000   Code   RO          175    .ARM.Collect$$libinit$$00000017  c_p.l(libinit2.o)
    0x08000122   0x08000122   0x00000000   Code   RO          177    .ARM.Collect$$libinit$$00000019  c_p.l(libinit2.o)
    0x08000122   0x08000122   0x00000000   Code   RO          179    .ARM.Collect$$libinit$$0000001B  c_p.l(libinit2.o)
    0x08000122   0x08000122   0x00000000   Code   RO          181    .ARM.Collect$$libinit$$0000001D  c_p.l(libinit2.o)
    0x08000122   0x08000122   0x00000000   Code   RO          183    .ARM.Collect$$libinit$$0000001F  c_p.l(libinit2.o)
    0x08000122   0x08000122   0x00000000   Code   RO          185    .ARM.Collect$$libinit$$00000021  c_p.l(libinit2.o)
    0x08000122   0x08000122   0x00000000   Code   RO          187    .ARM.Collect$$libinit$$00000023  c_p.l(libinit2.o)
    0x08000122   0x08000122   0x00000000   Code   RO          189    .ARM.Collect$$libinit$$00000025  c_p.l(libinit2.o)
    0x08000122   0x08000122   0x00000000   Code   RO          193    .ARM.Collect$$libinit$$0000002C  c_p.l(libinit2.o)
    0x08000122   0x08000122   0x00000000   Code   RO          195    .ARM.Collect$$libinit$$0000002E  c_p.l(libinit2.o)
    0x08000122   0x08000122   0x00000000   Code   RO          197    .ARM.Collect$$libinit$$00000030  c_p.l(libinit2.o)
    0x08000122   0x08000122   0x00000000   Code   RO          199    .ARM.Collect$$libinit$$00000032  c_p.l(libinit2.o)
    0x08000122   0x08000122   0x00000002   Code   RO          200    .ARM.Collect$$libinit$$00000033  c_p.l(libinit2.o)
    0x08000124   0x08000124   0x00000002   Code   RO          237    .ARM.Collect$$libshutdown$$00000000  c_p.l(libshutdown.o)
    0x08000126   0x08000126   0x00000000   Code   RO          265    .ARM.Collect$$libshutdown$$00000002  c_p.l(libshutdown2.o)
    0x08000126   0x08000126   0x00000000   Code   RO          267    .ARM.Collect$$libshutdown$$00000004  c_p.l(libshutdown2.o)
    0x08000126   0x08000126   0x00000000   Code   RO          270    .ARM.Collect$$libshutdown$$00000007  c_p.l(libshutdown2.o)
    0x08000126   0x08000126   0x00000000   Code   RO          273    .ARM.Collect$$libshutdown$$0000000A  c_p.l(libshutdown2.o)
    0x08000126   0x08000126   0x00000000   Code   RO          275    .ARM.Collect$$libshutdown$$0000000C  c_p.l(libshutdown2.o)
    0x08000126   0x08000126   0x00000000   Code   RO          278    .ARM.Collect$$libshutdown$$0000000F  c_p.l(libshutdown2.o)
    0x08000126   0x08000126   0x00000002   Code   RO          279    .ARM.Collect$$libshutdown$$00000010  c_p.l(libshutdown2.o)
    0x08000128   0x08000128   0x00000000   Code   RO           61    .ARM.Collect$$rtentry$$00000000  c_p.l(__rtentry.o)
    0x08000128   0x08000128   0x00000000   Code   RO          100    .ARM.Collect$$rtentry$$00000002  c_p.l(__rtentry2.o)
    0x08000128   0x08000128   0x00000006   Code   RO          112    .ARM.Collect$$rtentry$$00000004  c_p.l(__rtentry4.o)
    0x0800012e   0x0800012e   0x00000000   Code   RO          102    .ARM.Collect$$rtentry$$00000009  c_p.l(__rtentry2.o)
    0x0800012e   0x0800012e   0x00000004   Code   RO          103    .ARM.Collect$$rtentry$$0000000A  c_p.l(__rtentry2.o)
    0x08000132   0x08000132   0x00000000   Code   RO          105    .ARM.Collect$$rtentry$$0000000C  c_p.l(__rtentry2.o)
    0x08000132   0x08000132   0x00000008   Code   RO          106    .ARM.Collect$$rtentry$$0000000D  c_p.l(__rtentry2.o)
    0x0800013a   0x0800013a   0x00000002   Code   RO          148    .ARM.Collect$$rtexit$$00000000  c_p.l(rtexit.o)
    0x0800013c   0x0800013c   0x00000000   Code   RO          208    .ARM.Collect$$rtexit$$00000002  c_p.l(rtexit2.o)
    0x0800013c   0x0800013c   0x00000004   Code   RO          209    .ARM.Collect$$rtexit$$00000003  c_p.l(rtexit2.o)
    0x08000140   0x08000140   0x00000006   Code   RO          210    .ARM.Collect$$rtexit$$00000004  c_p.l(rtexit2.o)
    0x08000146   0x08000146   0x00000002   PAD
    0x08000148   0x08000148   0x00000038   Code   RO           18    .text               startup_stm32f072xb.o
    0x08000180   0x08000180   0x0000016c   Code   RO           40    .text               c_p.l(aeabi_sdiv.o)
    0x080002ec   0x080002ec   0x00000006   Code   RO           44    .text               c_p.l(heapauxi.o)
    0x080002f2   0x080002f2   0x00000002   PAD
    0x080002f4   0x080002f4   0x00000358   Code   RO           48    .text               fz_ps.l(daddsub.o)
    0x0800064c   0x0800064c   0x00000048   Code   RO           50    .text               fz_ps.l(dfixui.o)
    0x08000694   0x08000694   0x00000058   Code   RO           52    .text               fz_ps.l(dflti.o)
    0x080006ec   0x080006ec   0x00000248   Code   RO           54    .text               fz_ps.l(dmul.o)
    0x08000934   0x08000934   0x00000016   Code   RO           66    .text               c_p.l(_rserrno.o)
    0x0800094a   0x0800094a   0x00000002   PAD
    0x0800094c   0x0800094c   0x00000448   Code   RO           68    .text               fz_ps.l(ddiv.o)
    0x08000d94   0x08000d94   0x00000060   Code   RO           73    .text               fz_ps.l(dscalbn.o)
    0x08000df4   0x08000df4   0x00000008   Code   RO          119    .text               c_p.l(rt_errno_addr_intlibspace.o)
    0x08000dfc   0x08000dfc   0x000000a0   Code   RO          121    .text               fz_ps.l(dcmpin.o)
    0x08000e9c   0x08000e9c   0x00000100   Code   RO          123    .text               fz_ps.l(dsqrt.o)
    0x08000f9c   0x08000f9c   0x00000008   Code   RO          125    .text               c_p.l(libspace.o)
    0x08000fa4   0x08000fa4   0x0000003e   Code   RO          128    .text               c_p.l(sys_stackheap_outer.o)
    0x08000fe2   0x08000fe2   0x00000010   Code   RO          131    .text               c_p.l(exit.o)
    0x08000ff2   0x08000ff2   0x0000002e   Code   RO          143    .text               fz_ps.l(cmpret.o)
    0x08001020   0x08001020   0x00000014   Code   RO          145    .text               fz_ps.l(dnan2.o)
    0x08001034   0x08001034   0x0000005e   Code   RO          201    .text               fz_ps.l(retnan.o)
    0x08001092   0x08001092   0x00000002   PAD
    0x08001094   0x08001094   0x0000000c   Code   RO          203    .text               c_p.l(sys_exit.o)
    0x080010a0   0x080010a0   0x00000002   Code   RO          226    .text               c_p.l(use_no_semi.o)
    0x080010a2   0x080010a2   0x00000000   Code   RO          228    .text               c_p.l(indicate_semi.o)
    0x080010a2   0x080010a2   0x00000002   Code   RO           25    .text.SystemInit    system_stm32f0xx.o
    0x080010a4   0x080010a4   0x00000022   Code   RO            6    .text.delay         main.o
    0x080010c6   0x080010c6   0x00000002   PAD
    0x080010c8   0x080010c8   0x00000208   Code   RO            2    .text.main          main.o
    0x080012d0   0x080012d0   0x0000014c   Code   RO            4    .text.output        main.o
    0x0800141c   0x0800141c   0x0000002c   Code   RO           90    i.__ARM_fpclassify  m_ps.l(fpclassify.o)
    0x08001448   0x08001448   0x000000ac   Code   RO           92    i.__kernel_poly     m_ps.l(poly.o)
    0x080014f4   0x080014f4   0x00000014   Code   RO           76    i.__mathlib_dbl_divzero  m_ps.l(dunder.o)
    0x08001508   0x08001508   0x00000008   Code   RO           78    i.__mathlib_dbl_infnan2  m_ps.l(dunder.o)
    0x08001510   0x08001510   0x00000010   Code   RO           79    i.__mathlib_dbl_invalid  m_ps.l(dunder.o)
    0x08001520   0x08001520   0x00000014   Code   RO           80    i.__mathlib_dbl_overflow  m_ps.l(dunder.o)
    0x08001534   0x08001534   0x00000014   Code   RO           82    i.__mathlib_dbl_underflow  m_ps.l(dunder.o)
    0x08001548   0x08001548   0x000009fc   Code   RO           57    i.pow               m_ps.l(pow.o)
    0x08001f44   0x08001f44   0x00000048   Code   RO           96    i.sqrt              m_ps.l(sqrt.o)
    0x08001f8c   0x08001f8c   0x00000068   Code   RO           71    x$fpl$drleqf        fz_ps.l(drlef.o)
    0x08001ff4   0x08001ff4   0x00000000   Code   RO           75    x$fpl$usenofp       fz_ps.l(usenofp.o)
    0x08001ff4   0x08001ff4   0x00000004   PAD
    0x08001ff8   0x08001ff8   0x00000088   Data   RO           58    .constdata          m_ps.l(pow.o)
    0x08002080   0x08002080   0x00000080   Data   RO           69    .constdata          fz_ps.l(ddiv.o)
    0x08002100   0x08002100   0x00000008   Data   RO           94    .constdata          m_ps.l(qnan.o)
    0x08002108   0x08002108   0x00000010   Data   RO          281    Region$$Table       anon$$obj.o


    Execution Region RW_IRAM1 (Exec base: 0x20000000, Load base: 0x08002118, Size: 0x00000660, Max: 0x00004000, ABSOLUTE)

    Exec Addr    Load Addr    Size         Type   Attr      Idx    E Section Name        Object

    0x20000000        -       0x00000060   Zero   RW          126    .bss                c_p.l(libspace.o)
    0x20000060        -       0x00000200   Zero   RW           16    HEAP                startup_stm32f072xb.o
    0x20000260        -       0x00000400   Zero   RW           15    STACK               startup_stm32f072xb.o


==============================================================================

Image component sizes


      Code (inc. data)   RO Data    RW Data    ZI Data      Debug   Object Name

       886         36          0          0          0       2557   main.o
        56         26        192          0       1536        660   startup_stm32f072xb.o
         2          0          0          0          0       1708   system_stm32f0xx.o

    ----------------------------------------------------------------------
       946         62        208          0       1536       4925   Object Totals
         0          0         16          0          0          0   (incl. Generated)
         2          0          0          0          0          0   (incl. Padding)

    ----------------------------------------------------------------------

      Code (inc. data)   RO Data    RW Data    ZI Data      Debug   Library Member Name

         8          0          0          0          0         68   __main.o
         0          0          0          0          0          0   __rtentry.o
        12          0          0          0          0          0   __rtentry2.o
         6          0          0          0          0          0   __rtentry4.o
        60          8          0          0          0          0   __scatter.o
        28          0          0          0          0          0   __scatter_zi.o
        22          0          0          0          0         92   _rserrno.o
       364          4          0          0          0         92   aeabi_sdiv.o
        16          0          0          0          0         68   exit.o
         6          0          0          0          0        136   heapauxi.o
         0          0          0          0          0          0   indicate_semi.o
         2          0          0          0          0          0   libinit.o
         2          0          0          0          0          0   libinit2.o
         2          0          0          0          0          0   libshutdown.o
         2          0          0          0          0          0   libshutdown2.o
         8          4          0          0         96         68   libspace.o
         8          4          0          0          0         68   rt_errno_addr_intlibspace.o
         2          0          0          0          0          0   rtexit.o
        10          0          0          0          0          0   rtexit2.o
        12          4          0          0          0         60   sys_exit.o
        62          0          0          0          0         80   sys_stackheap_outer.o
         2          0          0          0          0         68   use_no_semi.o
        46          0          0          0          0         60   cmpret.o
       856         20          0          0          0        208   daddsub.o
       160          6          0          0          0         76   dcmpin.o
      1096         26        128          0          0        112   ddiv.o
        72          4          0          0          0         68   dfixui.o
        88          0          0          0          0         92   dflti.o
       584         26          0          0          0         84   dmul.o
        20          6          0          0          0         68   dnan2.o
       104          4          0          0          0        104   drlef.o
        96         12          0          0          0         72   dscalbn.o
       256          8          0          0          0         76   dsqrt.o
        94          0          0          0          0         68   retnan.o
         0          0          0          0          0          0   usenofp.o
        84         14          0          0          0        340   dunder.o
        44          4          0          0          0         60   fpclassify.o
       172          0          0          0          0         76   poly.o
      2556        196        136          0          0        240   pow.o
         0          0          8          0          0          0   qnan.o
        72          6          0          0          0         76   sqrt.o

    ----------------------------------------------------------------------
      7046        356        272          0         96       2680   Library Totals
        12          0          0          0          0          0   (incl. Padding)

    ----------------------------------------------------------------------

      Code (inc. data)   RO Data    RW Data    ZI Data      Debug   Library Name

       634         24          0          0         96        800   c_p.l
      3472        112        128          0          0       1088   fz_ps.l
      2928        220        144          0          0        792   m_ps.l

    ----------------------------------------------------------------------
      7046        356        272          0         96       2680   Library Totals

    ----------------------------------------------------------------------

==============================================================================


      Code (inc. data)   RO Data    RW Data    ZI Data      Debug   

      7992        418        480          0       1632       6349   Grand Totals
      7992        418        480          0       1632       6349   ELF Image Totals
      7992        418        480          0          0          0   ROM Totals

==============================================================================

    Total RO  Size (Code + RO Data)                 8472 (   8.27kB)
    Total RW  Size (RW Data + ZI Data)              1632 (   1.59kB)
    Total ROM Size (Code + RO Data + RW Data)       8472 (   8.27kB)

==============================================================================

